  0 ..#....##.................X..#...#...#..........................................................................................#.
  1 .....#.^XXXXXXXXXXXXXXXXXXXXXXXXXXXXXXXXXXXXXXXXXXX>#....#.....#.....#..............................#.......#...#.............#...
  2 .......X....#.#...........X........................X....#...................#..#...........................###..........#.....#...
  3 .....#.X...#.............#<XXXXXXXXXXXXXXXXXXXXXXXXv.................................#.#.................#.........#..............
  4 .....^XXXXXXXXXXXXXXXX>#...........................#................#...........#......#.....................#...#.......#....#...
  5 ...#.X.X..............X.....................#....................#.......#........##.##.........#.........................#.......
  6 .....X#X..........#...X................#...........#.............................#.^XXXXXXXXXXXXXXXXXXXXX>#....................#..
  7 .....X.X..............X....#...................................#...............#...X.....................X...............#........
  8 .....X.X#...........#.X....^XXXXXXXXXXXXXXXXXXXXXXXXXXXXXXXXXXXXXXXXXXXXXXXXXXXXXXXX>#............#......X........................
  9 .....X.X..............X..#.X....#.......#..............#......#.................#..XX..............#.....X.............#..........
 10 .....X.X....#.........X....X.......................................#...............XX.............#......X.#....#.................
 11 .....X.X#.............X....X..................................................#....XX........#...........X........................
 12 ..#..X.X^XXXXXXXXXXXXXXXXXXXXX>#.................#.#............#..................XX....................X........................
 13 ...#.X.XX...........#.X....X..X...........#........^XXXXXXXXXXXXXXXXXXXXXXXXXXXXXXXXXXXXXXX>#............X......#.................
 14 .....X#<XXXXXXXXXXXXXXv...#<XXXXXXXXXXXXXXXXXXXXXXXXXXXXXXXXXXXXXXXXXXXXXXXXXXXXXXXXXXXXXXXXXXXXXXXXXXXXXv.........#..#...........
 15 .....X..X............##..#....X....................X..............#................XX.#....X.......#.....#........................
 16 .....X.#X................#....X.....#..............X............#.......#..........XX..#...X......................................
 17 .....X.^XXXX>#........#.......X#..........#........X.......#.........#.##..........XX......X..............#.......#...........#...
 18 .#...X.XX...X.........^XXXXXXXXXXXXXXXXXXXXXXXXXXXXXXXXXXXXXXXX>#..#...............XX......X.............#.................##.....
 19 .....X.XX...X.........X..#.#..X....#.#.............X...........X...................XX...#..X.................#.......#.........#..
 20 .....X.XX...X#........X.......X....^XXXXXXXXXXXXXXXXXXXXXXXXX>#X.#................#<XXXXXXXv....#.....#...........................
 21 .....X.XX...X.........X.......X....X.........#.....X........#X.X..#..............#..X......#......................................
 22 .....X.XX...X...#.....X......#X....X...............X......#..X.X......#.#...........X.............................................
 23 ...#.X.XX...X...^XXXXXXXXXXXXXXXXXXX>#.......#.....X.........X.X....................X..#..........................................
 24 .....X.XX...X...X.....X.......X#...XX........^XXXXXXXXXXXXXXXXXXXXXXXXXXXXXXXXXXXXXXXXXXXXXXXXXXXXXX>#.....#.........##...........
 25 .....X.XX...X...X..#..X.......X....XX........X.....X...#.....X.X.............#......X...............X......#..#...#...............
 26 .....X#XX...X...X.....X.......X....XX........X.....X.........X#X....................X......#......#.X...............#.#...........
 27 .....X.XX...X...X.....X.......X....XX......#.X.....X.........X.X....#.........#.....X...............X..##......#..................
 28 ....#<XXXXXXv...X.....X.....#.X....XX........X..#..X..#......X.X...........#........X...............X.............................
 29 .....#.XX...#...X#....X.....#.X....XX....#...X....#<XXXXXXXXXXXXXXXXXXXXXXXXXXXXXXXXXXXXXXXXXXXXXXXXv.............................
 30 .......XX#......X^XXXXXXXXXXXXXXXXXXXXXXXXXXXXXXXXXXXXXXXXXXXXXXXXXXXXXXXXXXXXXXXXXXXXXXXX>#........#.........................#...
 31 .......XX.......XX....X.#.....X....XX........X...........#...X.X..#...#......#......X.#...X......#.#.......#.........#.........#.#
 32 .##....XX#..#...XX.#..X.......X.#.#XX........X...............X.X....#.^XXXXXXXXXXXXXXXXXXXXXXXXXXX>#.........#....................
 33 ......#<XXXXXXXXXXXXXXXXXXXXXXv....XX#.......X..#.........#..X.X#.....X.............X.....X.......X..#...........................#
 34 ..#.....X.......XX....X.....#.#...#<XXXXXXXXXXXXXXXXXXXXXXXXXXXv......X........#.#..X.....X.......X......................##.......
 35 #.......X.......XX....X...#.........X........X...#...........X.#..#.#.X.#....#.....#X#...#X.....#.X......................#........
 36 .#......X.......XX....X.......#.....X........X...............X..#....#X.............X.....X.......X.#........#..........#.........
 37 ........X.#.....XX..#.X...#.....#...X........X.........#.....X..^XXXXXXXXXXXXXXXXXXXXXXXXXXXXXXXXXX>#.............................
 38 ........X.......XX....X..#...#......X........X.............#.X..X.....X.............X.....X.......XX......#......#.#..............
 39 ........X.......XX..#.X......^XXXXXXXXXXXXXXXXXXXXXXXXXXXXXXXXXXXXXXXXXXXXXXXXXXXXXXXXXXXXXXXXXXXXXXXXXXXXXXXXXXXXXX>#............
 40 ...#....X...#...XX....X......X.....#X.#......X....#..#.......X.#X.....X.............X.....X.......XX.............#..X.............
 41 ........X...^XXXXX>#..X......X......X...#....X.........#.....X..X.....X.......#.....X.....X..#....XX..#.............X........#....
 42 ........X...X#..XXX^XXXXXXXXXXXXXXXXXXXXXXXXXXXXXXXXXXXXXXXXXXXXXXXXXXXXXXXXXXXXXXXXXXXXXXXXXXX>#.XX.............#..X..##.........
 43 .#......X...X...XXXX..X......X.#....X...#....X...........#..#X.#X....#X..........###X.....X....X..XX................X.............
 44 ........X...X...XXXX..X......X.^XXXXXXXXXXXXXXXXXXXXXX>#.^XXXXXXXXXXXXXXXXXXXXXX>#..X.....X....X..XX...........#....X.............
 45 ........X...X...XXXX..X....##X.X....X.....#..X........X..X...X..X.....X.........X...X.....X....X..XX#...............X.......#.....
 46 ......#.X...X.##XXXX..X..#...X.X....X.....^XXXXXXXXXXXXXXXXXXXXXXXXXXXXXXXXXXXXXXXXXXXXXXXX>#.#X.#XX.......#........X#.......#....
 47 ..#.....X...X.#.XXXX..X..#...X.X..#.X..#..X..X....#...X..X...X..X....#X.........X..#X.....XX...X.#XX................X.............
 48 #.......X...X...XXXX..X..^XXXXXX>##.X.....X..X#......#X..X##.X..X.#..#X.........X...X.....XX...X..XX.......#........X#..#.........
 49 ...#...#X#..X...XXXX..X..X...X.XX#^XXXXXXXXXXXXXXXXXXXXXXXXXXXXXXXXXXXX>#.......X.#.X....#XX...X..XX.....#..........X.............
 50 ..#...#.X...X...XXXX..X..X...X.XX.X.X.....X..X........X..X...X#.X.....XX........X#^XXXXXXXXXXXXXXXXXXXXXXXXXXXXXXXXXXXXXXX>#......
 51 ...#....X#..X..#XXXX..X..X#..X.XX.X.X.....X..X.#......X..X...X..X.#...XX........X.X.X.....XX#..X..XX........#...#..#X...#.X.......
 52 ........X.#.X...XXXX..X..X...X.XX.X.X.....X#.X.^XXXXXXXXXXXXXX>#X.#...XX......#.X.X.X...#.XX...X..XX................X.....X..#....
 53 ........X...X.#.XXXX..X#.X...X.XX.X.X.....X..X.X....#.X..X...XX.X.....XX......^XXXXXXXXXXXXXXXXXXXXXXXXXXXXXXXXXXXXXXX>#..X.....#.
 54 ........X...X.^XXXXXXXXXXXXXXXXXXXXXXXXXXXXXXXXXXXXXXXXXXXX>#XX.X.##..XX......X.X.X.X.....XX...X..XX.#..............X.X...X.......
 55 ...##...X...X.X.XXXX..X..X...X.XX.X.X.....X..X.X...#..X..X.X.XX.X.^XXXXXXXXXXXXXXXXXXXXXXXXXX>#X..XX.^XXXXXXXXXXXXXXXXXXXXX>#.##..
 56 ...#....X...X.X.XXXX..X..X...X.XX.X.X.....X..X.X......X..X.X.XX.X.X...XX......X#X.X.X.#...XX.X.X..XX.X......#.#.....X.X...XX......
 57 ........X#..X.X.XXXX..X..X...X.XX.X.X.....X..X.X......X..X.X.XX.X.X...XX......X.X.X.X..##.XX.X.X..XX.X......^XXXXXXXXXXXXXXXX>#.#.
 58 ........X...X.X#XXXX.#X..X...X#XX#<XXXXXXXXXXXXXXXXXXXXXXXXXXvX.X.X...XX......X.X.X.X.....XX.X.X..XX.X......X.......X.X...XX.X....
 59 #.......X...X.X.XXXX..X..X..#X#XX...X.....X..X.X......X..X.X.#X.X.X...XX.....#X.X.X.X.....XX.X.X..XX.X......X..#....X#X...XX.X....
 60 ...#...#<XXXXXXXXXXXXXXXXXXXXXXXXXXXv.....X..X.X.#....X..X.X..X.X.X....X#.#...X.X.X.X.....XX.X.X..XX.X......X.......X.X...XX.X....
 61 .#......#...X.X.XXXX..X..X...X.XX...#.....X..X.X......X..X.X..X.X.X....X......X.X.X.X.....XX.X.X..XX.X......X.......X.X...XX.X....
 62 .....#......X.X#XXXX..X#.X#..X.XX..#.....#X..X.X......X..X.X..X#X.X...#X......X.X.X.X.....XX.X.X..XX.X......X..#...#X.X...XX.X....
 63 ....#^XXXXXXXXXXXXXXXXXXXXXXXXXXXXXXXXXXXXXXXXXXXXXXXXXXXXXXXXXXXXXXXXXXXXXXXXXXXXXXXXXXXXXXXXXXXXXXXXXX>#..X.......X.X...XX.X....
 64 #....X......X.X#<XXXXXXXXXXXXXXXv......#..X..X.X......X..X.X..X.X.X....X......X.X#X.X.....XX.X.X..XX.X..X...X....#.#X.X...XX.X....
 65 .....X......X.X..XXX..X..X...X.X#.........X..X.X......X..X.X..X#X.X....X......X.X.X.X.....XX.X.X..XX.X..X...X.......X.X#..XX#X....
 66 ....#X......X.X..XXX..X..X...X.X.#........X..X.X......X..X.X..X.X.X....X......X.X.X.X.....XX.X#X..XX#X..X...X#......X.X^XXXXXXXX>#
 67 .....X.....#X.X#.XXX..X..X...X.X..........X.#X.X......X..X.X..X.X#X....X......X.X.X.X.....XX.X.X..XX.X..X...X.......X.XX.#XX.X..X.
 68 .#...X......X.X^XXXXXXXXXXXXXXXXXXXXXXXXXXXXXXXXXXXXXXXXXXXXXXXXXXXXXXXXXXXXXXXXXXXXXXXXXXXXXXXXXXXXXX>#X...X#......X.XX..XX.X..X.
 69 .#...X...#..X.XX.XXX..X.#X...X.X..........X..X#X......X..X.X..X.X.X.#..X......X.X#X.X.....XX.X.X..XX.XX.X.#.X.......X.XX..XX.X..X.
 70 .....X......X.XX.XXX..X..X..#X.X#.........X..X.X......X..X.X..X.X.X....X......X.X#<XXXXXXXXXXXXXXXXXXXXXv...X.....#.X.XX..XX.X..X.
 71 .....X....#.X.XX.XXX..X..X#..X.X..........X..X.X.....#X..X.X..X.X.X...#X......X.X...X.....XX.X.X#.XX.XX.#.#.X.......X.XX..XX.X..X.
 72 .....X......X.XX.XXX..X..X...X#<XXXXXXXXXXXXXXXXXXXXXXXXXXXXXXXXXXXXXXXXXXXXXXXXXXXXXXXXXXXXXXXXXXXv.XX.....X.......X.XX..XX#X..X.
 73 .....X......X.XX.XXX..X..X...X............X..X#X...#..X..X.X..X.X.X....X......X.X...X.....XX.X.X..X#.XX..#..X.......X.XX..XX.X..X.
 74 .....X...#..X.XX.XXX..X..X...X............X..X.X......X..X.X.#X.X.X....X.....#X.X..#X.....XX.X.X..X.#<XXXXXXXXXXXXXXXXXXXXvX.X..X.
 75 .....X......X.XX.XXX..X..X...X............X#.X.X......X..X#X.^XXXXXXXXXXXXXXXXXXXXXXXXXXXXXXXXXXXXXXXXXXXXXXXX>#....X.XX#.#X.X..X.
 76 .....X......X.XX.XXX..X..X#..X........#.#.X.#X.X......X..X.X.XX.X.X....X......X.X.#.X.....XX.X.X..X...X..#..X.X.....X#XX#..X.X..X.
 77 ....#<XXXXXXXXXXXXvX#.X..X...X.....#......X..X.X......X..X.X.XX.X#X...#X....#.X.X#..X.....XX.X.X..X...X.....X.X.....X.XX...X.X..X.
 78 ....#.#.....X.XX.X#X..X..X...X...#........X..X.X......X..X.X.XX.X.X....X......X.X...X.....XX.X.X..X#..X.....X.X.....X.XX...X.X..X.
 79 .....#......X#XX.X.X..X..X...X...^XXXXXXXXXXXXXXXXXXXXXXXXXXXXXXXXXXXXXXXXXXXXXXXXXXXXXXXXXXXXXXXXXXXXX>#.#.X.X.....X.XX...X.X..X.
 80 ............X.XX.X.X..X..X...X...X........X..X.X#..#..X..X.X.XX.X.X....X......X.X...X.....XX.X.X..X...XX....X.X.....X.XX...X.X..X.
 81 .#....#.....X.XX.X.X..X..X...X...X...#....X..X.X#.....X..X.X.XX.X#<XXXXXXXXXXXXXXXXXXXXXXXXXXXXXXXXXXXXXXXXXXXXXXXXXXXvX...X.X.#X.
 82 ....#.......X.XX.X.X..X..X..#X...X...#....X#.X.X......X..X#X.XX.X......X..#..#X.X...X.....XX.X.X..X...XX....X.X.....X.#X...X.X..X.
 83 ....^XXXXXXXXXXXXXXXXXXXXXXXXXXXXXXXXXXXXXXXXXXXXXXXXXXXXXXXXXXXXXXXXXXXXX>#..X.X...X.....XX.X.X..X...XX....X.X.....X..X...X.X..X.
 84 ...#X.......X#XX#X.X..X..X...X...X........X..X.X......X..X.X.XX.X......X#.X#..X.X...X.....XX.X.X..X...XX..#.X.X.....X..X...X.X..X.
 85 ....X.......X#<XXXXXXXXXXXXXXXXXXXXXXXXXXXXXXXXXXXXXXXXXXXXXXXXXXXXXXXXv..X...X.X#..X.....XX.X.X..X...XX.#..X#X.....X..X.#.X.X..X.
 86 ....X#......X..X.X.X..X..X...X#..X........X..X.X...#..X..X.X.XX.X......#..X...X.X...X.....XX.X.X..X...XX#...X.X.....X..X...X.X..X.
 87 ....X....#..X..X#<XXXXXXXXXXXXXXXXXXXXXXXXXXXXXXXXXXXXXXXXXv#XX.X...#.....X...X.X...X....#XX.X.X..X...XX....X.X.....X..X...X.X..X.
 88 ....X.......X..X...X..X..X...X...X........X..X.X......X..X.#.XX.X.........X...X.X...X..#..XX.X.X..X...XX....X.X.....X#.X...X.X..X.
 89 ....X.......X..X...X..X..X#..X...X.......#<XXXXXXXXXXXXXXXXXXXv.X.........X...X.X.#.X....#XX.X.X..X#.#XX....X.X....#X..X...X#X..X.
 90 ....X....#..X..X...X..X.#X.#.X...X...........X.X......X#.X...X#.X.........X...X.X...X.#..#XX#X.X..X...XX..#.X.X.....X..X...X.X..X.
 91 ...#X.......X..X...X.#<XXXXXXXXXXXXXXXXXXXXXXXXXXXXXXXXXXXXXXXXXXXXXXXXXXXXXXXXXXXXXXXXXXXXXXXXXXXXXXXXXXXXXXXXXXXXXv#.X...X.X..X.
 92 ....X.......X..X#..X..#.#X...X...X...........X.X....#.X..X...X..X.........X#..X.X...X.....XX.X.X..X...XX....X.X.#...#.#<XXXXXv..X.
 93 ....X.......X..X..#X....#<XXXXXXXXXXXXXXXXXXXXXXXXXXXXXXXXXXXXXXXXXXXXXXXXXXXXXXv...X...#.XX.X.X..X...XX....X.X......#....#X.#..X.
 94 ....X.......X..X...X.........X.#.X...........X.X......X..X...X..X.........X...X.#...X.....XX.X#X..X...XX....X.X..........#.X....X.
 95 ..#.X.......X.#<XXXXXXXXXXXXXXXXXXXXXXXXXXXXXXXXXXXXXXv..X...X.#<XXXXXXXXXXXXXXXXXXXXXXXXXXXXXXXXXv...XX.#..X.X..........##X....X#
 96 ....X.......X......X.........X.#.X...........X.X..##..#..X...X............X...X.....X.....XX.X.X..#...XX....X.X....#.......X....X.
 97 ....X.......X......X.......#.X...X..#........X#<XXXXXXXXXXXXXXXXXXXXXXXXXXXXXXXXXXXXXXXXXXXXXXXv...#..XX..#.X.X..#.........X....X.
 98 ....X.......X......X.........X...X#..........X.....#.....X...X........#...X.#.X.....X.....XX.X.#......XX....X.X....#.....#.X....X.
 99 ....X..#...#<XXXXXXXXXXXXXXXXXXXXXXXXXXXXXXXXXXXXXXXXXXXXXXXXXXXXXXXXXXXXXv.##<XXXXXXXXXXXXXXXXXXXXXXXXXXXXXXXv..........#.X....X.
100 ....X.........#..#.X.....#...X...X...........X........#..X...X............#....#....X.....XX.X........XX...#X.#......#.....X....X.
101 ....X..........#...X........#<XXXXXXXXXXXXXXXXXXXXXXXXXXXXXXXXXXXXXXXXXXXXXXXXXXXXXXXXXXXXXXXXXXXXXXXXvX....X#.............X#...X.
102 ....X..........#...X.#...........X...........X#.........#X...X....#...#.............X..#..XX#X........#X....X..............X....X.
103 ....X..............X............#<XXXXXXXXXXXXXXXXXXXXXXXXXXXXXXXXXXXXXXXXXXXXXXXXXXv.....XX.X.........X.#..X......#.......X....X.
104 ....X........#.....X............#...#........X...........X...X.......#..............#.....XX.X.........X....X........#.....X...#X.
105 ....X..............X.#.#.....................X.......#...X..#<XXXXXXXXXXXXXXXXXXXXXXXXXXXXvX.X.#.......X.##.X..#...........X....X#
106 ....X.#.........#..X#^XXXXXXXXXXXXXXXXXXXXXXXXXXXXXXX>#..X.......#.#......................#X.X....#....X...#<XXXXXXXXXXXXXXv....X.
107 ....X#.............X.X....#..................X...#...X...X.#.....................#.........X.X....^XXXXXXXXXXXXXXXXXXXXXXX>#....X.
108 ....X....##........X.X..........#....#.#....#<XXXXXXXXXXXXXXXXXXXXXXXXXXXXXXXXXXXXXXXXXXXXXXXv....X....X..................X.....X#
109 ....X..............X.X...........................#.#.X..#X...................#.............X.##..#<XXXXXXXXXXXXXXXXXXXXXXXXXXXXXv.
110 ..##X......#.......X#X......................#........X...X...................^XXXXXXXXXXXXXXXXXXXXXXXXXXXXXXXXXXX>#.......X...#.##
111 ..#.X.........##...X.X..##......#..........#.........X...X......#.....#.....#X.............X...#.....#.X.........X........X.......
112 ....X..............X.X....#.......................#..X..#<XXXXXXXXXXXXXXXXXXXXXXXXXXXXXXXXXXXXXXXXXXXXXXXXXXXXXXXXXXXXXXXXv.......
113 .#..X..............X.X.......#..............#...#....X......#.....#.......#..X.#...........X#.....#....X.........X...#....#......#
114 ....X............#.X.X...................#....#...#..X......^XXXXXXX>#......#<XXXXXXXXXXXXXXXXXXXXXXXXXv.#.......X.............#..
115 ....X##..#........#X.X.....................#......#..X......X.......X......#....#..........X...........##........X................
116 ...#<XXXXXXXXXXXXXXXXXXXXXXXXXXXXXXXXXXXXXXXXXXXXXXXXXXXXXXXXXXXXXXXXXXXXXXXXXXXXXXXXXXXXXXv............#........X..............#.
117 ...................X.X.#...#..............#..........X......X#......X.....#.#.........#....#...#.................X................
118 ...........#.......X.X.............#.................X.....#X......#X...#.....#..................#...............X...#............
119 ..................#<XXXXXXXXXXXXXXXXXXXXXXXXXXXXXXXXXv......X.......X....................#.......#...............X..........#.....
120 .......#.............X....#.............#..#........##......X.#..##.X......##.....##...#................#..#.....X.#..............
121 ........#............X...#..............................#..#<XXXXXXXXXXXXXXXXXXXXXXXXXXXXXXXXXXXXXXXXXXXXXXXXXXXXv................
122 ...................#.X..#.........................#...........#.#...X..##.........#.#..................#..#.#....#........#.......
123 .............#......#<XXXXXXXXXXXXXXXXXXXXXXXXXXXXXXXXXXXXXXXXXXXXXXv.....#.......................................................
124 .........................#.......................#..................#.........................#...............................#..#
125 ..#...........................#............#.................##...#................#.................#................#...........
126 .....#...............#.....#..........#..................................#.#........................#.....###.#...................
127 ...............................................#.............#......................................................#.............
128 ......#......................#..............#.................#.#........#.................#......................................
129 ........................#.......................................#....................#.......#.#..#...............................